/cephfs/store/gr-mc2473/eszt2/venv/lib/python3.10/site-packages/transformers/utils/hub.py:110: FutureWarning: Using `TRANSFORMERS_CACHE` is deprecated and will be removed in v5 of Transformers. Use `HF_HOME` instead.
  warnings.warn(
Generating test split:   0%|          | 0/4358 [00:00<?, ? examples/s]Generating test split: 100%|██████████| 4358/4358 [00:00<00:00, 176789.31 examples/s]
Generating train split:   0%|          | 0/36718 [00:00<?, ? examples/s]Generating train split:  87%|████████▋ | 32000/36718 [00:00<00:00, 312886.63 examples/s]Generating train split: 100%|██████████| 36718/36718 [00:00<00:00, 318656.68 examples/s]
Generating validation split:   0%|          | 0/3760 [00:00<?, ? examples/s]Generating validation split: 100%|██████████| 3760/3760 [00:00<00:00, 221350.84 examples/s]
Traceback (most recent call last):
  File "/cephfs/store/gr-mc2473/eszt2/LLM_PCA_project/LLM_PCA/experiment4.py", line 348, in <module>
    json.dump(experimental_results, f, indent=2)
  File "/usr/lib/python3.10/json/__init__.py", line 179, in dump
    for chunk in iterable:
  File "/usr/lib/python3.10/json/encoder.py", line 431, in _iterencode
    yield from _iterencode_dict(o, _current_indent_level)
  File "/usr/lib/python3.10/json/encoder.py", line 405, in _iterencode_dict
    yield from chunks
  File "/usr/lib/python3.10/json/encoder.py", line 405, in _iterencode_dict
    yield from chunks
  File "/usr/lib/python3.10/json/encoder.py", line 438, in _iterencode
    o = _default(o)
  File "/usr/lib/python3.10/json/encoder.py", line 179, in default
    raise TypeError(f'Object of type {o.__class__.__name__} '
TypeError: Object of type float32 is not JSON serializable
